// Vitest Snapshot v1, https://vitest.dev/guide/snapshot.html

exports[` 1`] = `
<div>
  <div
    class="formContainer"
  >
    <h2>
      Sign in
    </h2>
    <form>
      <input
        name="email"
        placeholder="email"
        required=""
        type="text"
        value=""
      />
      <input
        name="password"
        placeholder="password"
        required=""
        type="password"
        value=""
      />
      <button
        type="submit"
      >
        Submit
      </button>
    </form>
  </div>
</div>
`;
